
> legaltech-gestao-juridica-inteligente@0.0.0 test
> vitest run


[7m[1m[36m RUN [39m[22m[27m [36mv1.6.1[39m [90mD:/projetos/Gestao Inteligente/gestao-inteligente[39m

 [32mÔ£ô[39m utils/sample.test.ts [2m ([22m[2m1 test[22m[2m)[22m[90m 1[2mms[22m[39m

[2m Test Files [22m [1m[32m1 passed[39m[22m[90m (1)[39m
[2m      Tests [22m [1m[32m1 passed[39m[22m[90m (1)[39m
[2m   Start at [22m 18:42:24
[2m   Duration [22m 996ms[2m (transform 28ms, setup 0ms, collect 24ms, tests 1ms, environment 599ms, prepare 126ms)[22m

